subAccountId,legalCounterparty,accruedDate,priceLineId,settlementLevelType,granularityKeyValue,billingCurrency,currencyFromScheme,fundingCurrency,priceCurrency,granularity     ,productClass,productId,merchantCode,aggregationHash,adhocBillFlag,sourceType            ,partitionId
0992055099  ,00002            ,2020-09-16 ,9212676987 ,                   ,                   ,GBP            ,GBP               ,GBP            ,GBP          ,2008264108682728,PREMIUM     ,PRVCCL01 ,            ,390085262      ,N            ,STANDARD_BILLABLE_ITEM,55
6652195665  ,00001            ,2020-09-15 ,9214474800 ,                   ,                   ,GBP            ,GBP               ,GBP            ,GBP          ,2009156652195106,ACQUIRED    ,FRAVI    ,            ,419704229      ,N            ,STANDARD_BILLABLE_ITEM,122