calculationLineClassification,amount,calculationLineType,partitionId,rateType,rateValue
BASE_CHG,0,PI_MBA,55,MSC_PI,1.000000000000000000
BASE_CHG,0,PC_MBA,55,MSC_PC,0.330000000000000000
BASE_CHG,0,CS_BM,55,MSC_PI,4.000000000000000000
BASE_CHG,0,CS_BM,55,MSC_PC,0.100000000000000000
FND-FX-RES,-2.370402000000000000,,122,NA,0
FND-FX-INC,2.370402000000000000,,122,NA,0
SETT-CTL,63.939277000000000000,FND_AMTM,122,MSC_PI,2.230000000000000000